Microchip MPLAB XC8 Compiler V2.30

Linker command line:

-W-3 --edf=C:\Program Files\Microchip\xc8\v2.30\pic\dat\en_msgs.txt -cn \
  -h+dist/default/production\PWM_LED_Test.X.production.sym \
  --cmf=dist/default/production\PWM_LED_Test.X.production.cmf -z -Q16F15345 \
  -oC:\Users\johns\AppData\Local\Temp\schkx2 --defsym=__MPLAB_BUILD=1 \
  -Mdist/default/production/PWM_LED_Test.X.production.map -E1 \
  -ver=XC8 Compiler --acfsm=1493 -ASTACK=0212Eh-023EFh -pstack=STACK \
  -ACODE=00h-07FFhx4 -ASTRCODE=00h-01FFFh -ASTRING=00h-0FFhx32 \
  -ACONST=00h-0FFhx32 -AENTRY=00h-0FFhx32 -ACOMMON=070h-07Fh \
  -ABANK0=020h-06Fh -ABANK1=0A0h-0EFh -ABANK2=0120h-016Fh \
  -ABANK3=01A0h-01EFh -ABANK4=0220h-026Fh -ABANK5=02A0h-02EFh \
  -ABANK6=0320h-036Fh -ABANK7=03A0h-03EFh -ABANK8=0420h-046Fh \
  -ABANK9=04A0h-04EFh -ABANK10=0520h-056Fh -ABANK11=05A0h-05EFh \
  -ABANK12=0620h-064Fh -ABIGRAM=02000h-023EFh \
  -ARAM=020h-06Fh,0A0h-0EFh,0120h-016Fh,01A0h-01EFh,0220h-026Fh,02A0h-02EFh,0320h-036Fh,03A0h-03EFh,0420h-046Fh,04A0h-04EFh,0520h-056Fh,05A0h-05EFh,0620h-064Fh \
  -AABS1=020h-07Fh,0A0h-0EFh,0120h-016Fh,01A0h-01EFh,0220h-026Fh,02A0h-02EFh,0320h-036Fh,03A0h-03EFh,0420h-046Fh,04A0h-04EFh,0520h-056Fh,05A0h-05EFh,0620h-064Fh \
  -ASFR0=00h-01Fh -ASFR1=080h-09Fh -ASFR2=0100h-011Fh -ASFR3=0180h-019Fh \
  -ASFR4=0200h-021Fh -ASFR5=0280h-029Fh -ASFR6=0300h-031Fh \
  -ASFR7=0380h-039Fh -ASFR8=0400h-041Fh -ASFR9=0480h-049Fh \
  -ASFR10=0500h-051Fh -ASFR11=0580h-059Fh -ASFR12=0600h-061Fh \
  -ASFR13=0680h-06EFh -ASFR14=0700h-076Fh -ASFR15=0780h-07EFh \
  -ASFR16=0800h-086Fh -ASFR17=0880h-08EFh -ASFR18=0900h-096Fh \
  -ASFR19=0980h-09EFh -ASFR20=0A00h-0A6Fh -ASFR21=0A80h-0AEFh \
  -ASFR22=0B00h-0B6Fh -ASFR23=0B80h-0BEFh -ASFR24=0C00h-0C6Fh \
  -ASFR25=0C80h-0CEFh -ASFR26=0D00h-0D6Fh -ASFR27=0D80h-0DEFh \
  -ASFR28=0E00h-0E6Fh -ASFR29=0E80h-0EEFh -ASFR30=0F00h-0F6Fh \
  -ASFR31=0F80h-0FEFh -ASFR32=01000h-0106Fh -ASFR33=01080h-010EFh \
  -ASFR34=01100h-0116Fh -ASFR35=01180h-011EFh -ASFR36=01200h-0126Fh \
  -ASFR37=01280h-012EFh -ASFR38=01300h-0136Fh -ASFR39=01380h-013EFh \
  -ASFR40=01400h-0146Fh -ASFR41=01480h-014EFh -ASFR42=01500h-0156Fh \
  -ASFR43=01580h-015EFh -ASFR44=01600h-0166Fh -ASFR45=01680h-016EFh \
  -ASFR46=01700h-0176Fh -ASFR47=01780h-017EFh -ASFR48=01800h-0186Fh \
  -ASFR49=01880h-018EFh -ASFR50=01900h-0196Fh -ASFR51=01980h-019EFh \
  -ASFR52=01A00h-01A6Fh -ASFR53=01A80h-01AEFh -ASFR54=01B00h-01B6Fh \
  -ASFR55=01B80h-01BEFh -ASFR56=01C00h-01C6Fh -ASFR57=01C80h-01CEFh \
  -ASFR58=01D00h-01D6Fh -ASFR59=01D80h-01DEFh -ASFR60=01E00h-01E6Fh \
  -ASFR61=01E80h-01EEFh -ASFR62=01F00h-01F6Fh -ASFR63=01F80h-01FEFh \
  -ACONFIG=08007h-0800Bh -DCONFIG=2 -AIDLOC=08000h-08003h -DIDLOC=2 \
  -DCODE=2 -DSTRCODE=2 -DSTRING=2 -DCONST=2 -DENTRY=2 \
  -preset_vec=00h,intentry=04h,init,end_init -ppowerup=CODE -pcinit=CODE \
  -pfunctab=ENTRY -k C:\Users\johns\AppData\Local\Temp\schkxg.o \
  dist/default/production\PWM_LED_Test.X.production.o 

Object code version is 3.11

Machine type is 16F15345



                Name                               Link     Load   Length Selector   Space Scale
C:\Users\johns\AppData\Local\Temp\schkxg.o
                end_init                             2B       2B        2        8       0
                reset_vec                             0        0        2        0       0
                config                             8007     8007        5        0       4
dist/default/production\PWM_LED_Test.X.production.o
                cinit                                2D       2D       39        8       0
                intentry                              4        4       27        8       0
                config                             8007     8007        5        0       4
                text47                              783      783       1A        8       0
                text46                              F22      F22        4     1E44       0
                text45                              7FF      7FF        1      FFC       0
                text44                              F26      F26        4     1E4C       0
                text43                              51A      51A       39        8       0
                text42                              6A9      6A9       24        8       0
                text40                              7B6      7B6       19        8       0
                text39                              F2E      F2E        6     1E5C       0
                text38                              F34      F34        6     1E68       0
                text37                              F3A      F3A        6     1E74       0
                text36                              F40      F40        6     1E80       0
                text35                              F46      F46        6     1E8C       0
                text34                              49A      49A       41        8       0
                text33                              F7E      F7E        A     1EFC       0
                text32                              624      624       30        8       0
                text31                              F76      F76        8     1EEC       0
                text30                              F4C      F4C        6     1E98       0
                text29                              F52      F52        6     1EA4       0
                text28                              F58      F58        6     1EB0       0
                text27                              F5E      F5E        6     1EBC       0
                text26                              F88      F88        E     1F10       0
                text25                              74C      74C       1C        8       0
                text24                              FA8      FA8       16     1F50       0
                text23                              FBE      FBE       16     1F7C       0
                text22                              FD4      FD4       16     1FA8       0
                text21                              FEA      FEA       16     1FD4       0
                text20                              70F      70F       1F        8       0
                text19                              7CF      7CF       18        8       0
                text18                              6EE      6EE       21        8       0
                text17                              325      325       AE        8       0
                text16                              654      654       2B        8       0
                text15                              F64      F64        6     1EC8       0
                text14                              4DB      4DB       3F        8       0
                text13                              79D      79D       19        8       0
                text12                              19D      19D       D7        8       0
                text11                              274      274       B1        8       0
                text10                              5F3      5F3       31        8       0
                text9                               F96      F96       12     1F2C       0
                text8                               72E      72E       1E        8       0
                text7                               5BE      5BE       35        8       0
                text6                               589      589       35        8       0
                text5                               447      447       53        8       0
                text4                                66       66      137        8       0
                text3                               67F      67F       2A        8       0
                text2                               F2A      F2A        4     1E54       0
                text1                               6CD      6CD       21        8       0
                maintext                            3D3      3D3       74        8       0
                cstackBANK0                          20       20       47       20       1
                cstackCOMMON                         70       70        C       70       1
                cstackBANK2                         156      156        1      120       1
                clrtext                             F6A      F6A        6     1ED4       0
                inittext                            F70      F70        6     1EE0       0
                bssBANK3                            1A0      1A0       3E      1A0       1
                dataBANK2                           120      120       36      120       1
                dataBANK1                            CA       CA       1B       A0       1
                bssBANK1                             A0       A0       2A       A0       1
                dataBANK0                            6F       6F        1       20       1
                bssBANK0                             67       67        8       20       1
                bssCOMMON                            7C       7C        1       70       1
                stringtext5                        102A     102A        2     2000       0
                stringtext4                        101D     101D        D     2000       0
                stringtext3                        1010     1010        D     2000       0
                stringtext2                        1000     1000       10     2000       0
                stringtext1                         7E7      7E7       17      FCE       0
                nvBANK1                              E5       E5        B       A0       1
                idataBANK2                          553      553       36        8       0
                idataBANK1                          768      768       1B        8       0
                idataBANK0                          7FE      7FE        1      FFC       0

TOTAL           Name                               Link     Load   Length     Space
        CLASS   STACK          

        CLASS   CODE           
                end_init                             2B       2B        2         0
                cinit                                2D       2D       39         0
                intentry                              4        4       27         0
                reset_vec                             0        0        2         0
                text47                              783      783       1A         0
                text46                              F22      F22        4         0
                text45                              7FF      7FF        1         0
                text44                              F26      F26        4         0
                text43                              51A      51A       39         0
                text42                              6A9      6A9       24         0
                text40                              7B6      7B6       19         0
                text39                              F2E      F2E        6         0
                text38                              F34      F34        6         0
                text37                              F3A      F3A        6         0
                text36                              F40      F40        6         0
                text35                              F46      F46        6         0
                text34                              49A      49A       41         0
                text33                              F7E      F7E        A         0
                text32                              624      624       30         0
                text31                              F76      F76        8         0
                text30                              F4C      F4C        6         0
                text29                              F52      F52        6         0
                text28                              F58      F58        6         0
                text27                              F5E      F5E        6         0
                text26                              F88      F88        E         0
                text25                              74C      74C       1C         0
                text24                              FA8      FA8       16         0
                text23                              FBE      FBE       16         0
                text22                              FD4      FD4       16         0
                text21                              FEA      FEA       16         0
                text20                              70F      70F       1F         0
                text19                              7CF      7CF       18         0
                text18                              6EE      6EE       21         0
                text17                              325      325       AE         0
                text16                              654      654       2B         0
                text15                              F64      F64        6         0
                text14                              4DB      4DB       3F         0
                text13                              79D      79D       19         0
                text12                              19D      19D       D7         0
                text11                              274      274       B1         0
                text10                              5F3      5F3       31         0
                text9                               F96      F96       12         0
                text8                               72E      72E       1E         0
                text7                               5BE      5BE       35         0
                text6                               589      589       35         0
                text5                               447      447       53         0
                text4                                66       66      137         0
                text3                               67F      67F       2A         0
                text2                               F2A      F2A        4         0
                text1                               6CD      6CD       21         0
                maintext                            3D3      3D3       74         0
                clrtext                             F6A      F6A        6         0
                inittext                            F70      F70        6         0
                idataBANK2                          553      553       36         0
                idataBANK1                          768      768       1B         0
                idataBANK0                          7FE      7FE        1         0

        CLASS   STRCODE        
                stringtext5                        102A     102A        2         0
                stringtext4                        101D     101D        D         0
                stringtext3                        1010     1010        D         0
                stringtext2                        1000     1000       10         0
                stringtext1                         7E7      7E7       17         0

        CLASS   STRING         

        CLASS   CONST          

        CLASS   ENTRY          

        CLASS   COMMON         
                cstackCOMMON                         70       70        C         1
                bssCOMMON                            7C       7C        1         1

        CLASS   BANK0          
                cstackBANK0                          20       20       47         1
                dataBANK0                            6F       6F        1         1
                bssBANK0                             67       67        8         1

        CLASS   BANK1          
                dataBANK1                            CA       CA       1B         1
                bssBANK1                             A0       A0       2A         1
                nvBANK1                              E5       E5        B         1

        CLASS   BANK2          
                cstackBANK2                         156      156        1         1
                dataBANK2                           120      120       36         1

        CLASS   BANK3          
                bssBANK3                            1A0      1A0       3E         1

        CLASS   BANK4          

        CLASS   BANK5          

        CLASS   BANK6          

        CLASS   BANK7          

        CLASS   BANK8          

        CLASS   BANK9          

        CLASS   BANK10         

        CLASS   BANK11         

        CLASS   BANK12         

        CLASS   BIGRAM         

        CLASS   RAM            

        CLASS   ABS1           
                abs_s1                               7E       7E        2         1

        CLASS   SFR0           

        CLASS   SFR1           

        CLASS   SFR2           

        CLASS   SFR3           

        CLASS   SFR4           

        CLASS   SFR5           

        CLASS   SFR6           

        CLASS   SFR7           

        CLASS   SFR8           

        CLASS   SFR9           

        CLASS   SFR10          

        CLASS   SFR11          

        CLASS   SFR12          

        CLASS   SFR13          

        CLASS   SFR14          

        CLASS   SFR15          

        CLASS   SFR16          

        CLASS   SFR17          

        CLASS   SFR18          

        CLASS   SFR19          

        CLASS   SFR20          

        CLASS   SFR21          

        CLASS   SFR22          

        CLASS   SFR23          

        CLASS   SFR24          

        CLASS   SFR25          

        CLASS   SFR26          

        CLASS   SFR27          

        CLASS   SFR28          

        CLASS   SFR29          

        CLASS   SFR30          

        CLASS   SFR31          

        CLASS   SFR32          

        CLASS   SFR33          

        CLASS   SFR34          

        CLASS   SFR35          

        CLASS   SFR36          

        CLASS   SFR37          

        CLASS   SFR38          

        CLASS   SFR39          

        CLASS   SFR40          

        CLASS   SFR41          

        CLASS   SFR42          

        CLASS   SFR43          

        CLASS   SFR44          

        CLASS   SFR45          

        CLASS   SFR46          

        CLASS   SFR47          

        CLASS   SFR48          

        CLASS   SFR49          

        CLASS   SFR50          

        CLASS   SFR51          

        CLASS   SFR52          

        CLASS   SFR53          

        CLASS   SFR54          

        CLASS   SFR55          

        CLASS   SFR56          

        CLASS   SFR57          

        CLASS   SFR58          

        CLASS   SFR59          

        CLASS   SFR60          

        CLASS   SFR61          

        CLASS   SFR62          

        CLASS   SFR63          

        CLASS   CONFIG         
                config                             8007     8007        5         4

        CLASS   IDLOC          

        CLASS   BANK63         

        CLASS   BANK62         

        CLASS   BANK61         

        CLASS   BANK60         

        CLASS   BANK59         

        CLASS   BANK58         

        CLASS   BANK57         

        CLASS   BANK56         

        CLASS   BANK55         

        CLASS   BANK54         

        CLASS   BANK53         

        CLASS   BANK52         

        CLASS   BANK51         

        CLASS   BANK50         

        CLASS   BANK49         

        CLASS   BANK48         

        CLASS   BANK47         

        CLASS   BANK46         

        CLASS   BANK45         

        CLASS   BANK44         

        CLASS   BANK43         

        CLASS   BANK42         

        CLASS   BANK41         

        CLASS   BANK40         

        CLASS   BANK39         

        CLASS   BANK38         

        CLASS   BANK37         

        CLASS   BANK36         

        CLASS   BANK35         

        CLASS   BANK34         

        CLASS   BANK33         

        CLASS   BANK32         

        CLASS   BANK31         

        CLASS   BANK30         

        CLASS   BANK29         

        CLASS   BANK28         

        CLASS   BANK27         

        CLASS   BANK26         

        CLASS   BANK25         

        CLASS   BANK24         

        CLASS   BANK23         

        CLASS   BANK22         

        CLASS   BANK21         

        CLASS   BANK20         

        CLASS   BANK19         

        CLASS   BANK18         

        CLASS   BANK17         

        CLASS   BANK16         

        CLASS   BANK15         

        CLASS   BANK14         

        CLASS   BANK13         

        CLASS   EEDATA         



SEGMENTS        Name                           Load    Length   Top    Selector   Space  Class     Delta

                reset_vec                      000000  000002  000002         0       0  CODE        2
                intentry                       000004  0007E3  0007E7         8       0  CODE        2
                cstackBANK0                    000020  000050  000070        20       1  BANK0       1
                cstackCOMMON                   000070  00000D  00007D        70       1  COMMON      1
                bssBANK1                       0000A0  000050  0000F0        A0       1  BANK1       1
                dataBANK2                      000120  000037  000157       120       1  BANK2       1
                bssBANK3                       0001A0  00003E  0001DE       1A0       1  BANK3       1
                stringtext1                    0007E7  000017  0007FE       FCE       0  STRCODE     2
                idataBANK0                     0007FE  000002  000800       FFC       0  CODE        2
                text46                         000F22  000004  000F26      1E44       0  CODE        2
                text44                         000F26  000004  000F2A      1E4C       0  CODE        2
                text2                          000F2A  000004  000F2E      1E54       0  CODE        2
                text39                         000F2E  000006  000F34      1E5C       0  CODE        2
                text38                         000F34  000006  000F3A      1E68       0  CODE        2
                text37                         000F3A  000006  000F40      1E74       0  CODE        2
                text36                         000F40  000006  000F46      1E80       0  CODE        2
                text35                         000F46  000006  000F4C      1E8C       0  CODE        2
                text30                         000F4C  000006  000F52      1E98       0  CODE        2
                text29                         000F52  000006  000F58      1EA4       0  CODE        2
                text28                         000F58  000006  000F5E      1EB0       0  CODE        2
                text27                         000F5E  000006  000F64      1EBC       0  CODE        2
                text15                         000F64  000006  000F6A      1EC8       0  CODE        2
                clrtext                        000F6A  000006  000F70      1ED4       0  CODE        2
                inittext                       000F70  000006  000F76      1EE0       0  CODE        2
                text31                         000F76  000008  000F7E      1EEC       0  CODE        2
                text33                         000F7E  00000A  000F88      1EFC       0  CODE        2
                text26                         000F88  00000E  000F96      1F10       0  CODE        2
                text9                          000F96  000012  000FA8      1F2C       0  CODE        2
                text24                         000FA8  000016  000FBE      1F50       0  CODE        2
                text23                         000FBE  000016  000FD4      1F7C       0  CODE        2
                text22                         000FD4  000016  000FEA      1FA8       0  CODE        2
                text21                         000FEA  000016  001000      1FD4       0  CODE        2
                stringtext2                    001000  00002C  00102C      2000       0  STRCODE     2


UNUSED ADDRESS RANGES

        Name                Unused          Largest block    Delta
        BANK10           00520-0056F              50           1
        BANK11           005A0-005EF              50           1
        BANK12           00620-0064F              30           1
        BANK2            00157-0016F              19           1
        BANK3            001DE-001EF              12           1
        BANK4            00220-0026F              50           1
        BANK5            002A0-002EF              50           1
        BANK6            00320-0036F              50           1
        BANK7            003A0-003EF              50           1
        BANK8            00420-0046F              50           1
        BANK9            004A0-004EF              50           1
        BIGRAM           02000-023EF             3F0           1
        CODE             00002-00003               2           2
                         00800-00F21             722
                         0102C-01FFF             7D4
        COMMON           0007D-0007D               1           1
        CONST            00002-00003               2           2
                         00800-00F21             100
                         0102C-01FFF             100
        ENTRY            00002-00003               2           2
                         00800-00F21             100
                         0102C-01FFF             100
        IDLOC            08000-08003               4           2
        RAM              00157-0016F              19           1
                         001DE-001EF              12
                         00220-0026F              50
                         002A0-002EF              50
                         00320-0036F              50
                         003A0-003EF              50
                         00420-0046F              50
                         004A0-004EF              50
                         00520-0056F              50
                         005A0-005EF              50
                         00620-0064F              30
        SFR0             00000-0001F              20           1
        SFR1             00080-0009F              20           1
        SFR10            00500-0051F              20           1
        SFR11            00580-0059F              20           1
        SFR12            00600-0061F              20           1
        SFR13            00680-006EF              70           1
        SFR14            00700-0076F              70           1
        SFR15            00780-007EF              70           1
        SFR16            00800-0086F              70           1
        SFR17            00880-008EF              70           1
        SFR18            00900-0096F              70           1
        SFR19            00980-009EF              70           1
        SFR2             00100-0011F              20           1
        SFR20            00A00-00A6F              70           1
        SFR21            00A80-00AEF              70           1
        SFR22            00B00-00B6F              70           1
        SFR23            00B80-00BEF              70           1
        SFR24            00C00-00C6F              70           1
        SFR25            00C80-00CEF              70           1
        SFR26            00D00-00D6F              70           1
        SFR27            00D80-00DEF              70           1
        SFR28            00E00-00E6F              70           1
        SFR29            00E80-00EEF              70           1
        SFR3             00180-0019F              20           1
        SFR30            00F00-00F6F              70           1
        SFR31            00F80-00FEF              70           1
        SFR32            01000-0106F              70           1
        SFR33            01080-010EF              70           1
        SFR34            01100-0116F              70           1
        SFR35            01180-011EF              70           1
        SFR36            01200-0126F              70           1
        SFR37            01280-012EF              70           1
        SFR38            01300-0136F              70           1
        SFR39            01380-013EF              70           1
        SFR4             00200-0021F              20           1
        SFR40            01400-0146F              70           1
        SFR41            01480-014EF              70           1
        SFR42            01500-0156F              70           1
        SFR43            01580-015EF              70           1
        SFR44            01600-0166F              70           1
        SFR45            01680-016EF              70           1
        SFR46            01700-0176F              70           1
        SFR47            01780-017EF              70           1
        SFR48            01800-0186F              70           1
        SFR49            01880-018EF              70           1
        SFR5             00280-0029F              20           1
        SFR50            01900-0196F              70           1
        SFR51            01980-019EF              70           1
        SFR52            01A00-01A6F              70           1
        SFR53            01A80-01AEF              70           1
        SFR54            01B00-01B6F              70           1
        SFR55            01B80-01BEF              70           1
        SFR56            01C00-01C6F              70           1
        SFR57            01C80-01CEF              70           1
        SFR58            01D00-01D6F              70           1
        SFR59            01D80-01DEF              70           1
        SFR6             00300-0031F              20           1
        SFR60            01E00-01E6F              70           1
        SFR61            01E80-01EEF              70           1
        SFR62            01F00-01F6F              70           1
        SFR63            01F80-01FEF              70           1
        SFR7             00380-0039F              20           1
        SFR8             00400-0041F              20           1
        SFR9             00480-0049F              20           1
        STACK            0212E-023EF             2C2           1
        STRCODE          00002-00003               2           2
                         00800-00F21             722
                         0102C-01FFF             FD4
        STRING           00002-00003               2           2
                         00800-00F21             100
                         0102C-01FFF             100

                                  Symbol Table

?___wmul                                        cstackCOMMON 00071
?_atoi                                          cstackCOMMON 00077
?_isdigit                                       cstackCOMMON 00071
?_isspace                                       cstackCOMMON 00071
?_printf                                        cstackBANK0  00049
?_stoa                                          cstackBANK0  00020
?_strchr                                        cstackCOMMON 00071
?_strcspn                                       cstackCOMMON 00078
?_strlen                                        cstackCOMMON 00071
?_strspn                                        cstackCOMMON 00078
?_vfpfcnvrt                                     cstackBANK0  00037
?_vfprintf                                      cstackBANK0  00041
EUSART1_Read@readValue                          cstackCOMMON 00072
EUSART1_SetErrorHandler@interruptHandler        cstackCOMMON 00071
EUSART1_SetFramingErrorHandler@interruptHandler cstackCOMMON 00071
EUSART1_SetOverrunErrorHandler@interruptHandler cstackCOMMON 00071
EUSART1_SetRxInterruptHandler@interruptHandler  cstackCOMMON 00071
EUSART1_SetTxInterruptHandler@interruptHandler  cstackCOMMON 00071
EUSART1_Write@txData                            cstackCOMMON 00072
EUSART1_flushBuffer@i                           cstackCOMMON 00072
PWM3_LoadDutyValue@dutyValue                    cstackCOMMON 00071
PWM4_LoadDutyValue@dutyValue                    cstackCOMMON 00071
PWM5_LoadDutyValue@dutyValue                    cstackCOMMON 00071
PWM6_LoadDutyValue@dutyValue                    cstackCOMMON 00071
_ANSELA                                         (abs)        01F38
_ANSELB                                         (abs)        01F43
_ANSELC                                         (abs)        01F4E
_BAUD1CON                                       (abs)        0011F
_EUSART1_DefaultErrorHandler                    text46       00F22
_EUSART1_DefaultFramingErrorHandler             text45       007FF
_EUSART1_DefaultOverrunErrorHandler             text44       00F26
_EUSART1_ErrorHandler                           nvBANK1      000E5
_EUSART1_FramingErrorHandler                    nvBANK1      000E9
_EUSART1_Initialize                             text34       0049A
_EUSART1_OverrunErrorHandler                    nvBANK1      000E7
_EUSART1_Read                                   text3        0067F
_EUSART1_Receive_ISR                            text43       0051A
_EUSART1_RxDataHandler                          text47       00783
_EUSART1_RxDefaultInterruptHandler              nvBANK1      000EB
_EUSART1_SetErrorHandler                        text39       00F2E
_EUSART1_SetFramingErrorHandler                 text38       00F34
_EUSART1_SetOverrunErrorHandler                 text37       00F3A
_EUSART1_SetRxInterruptHandler                  text36       00F40
_EUSART1_SetTxInterruptHandler                  text35       00F46
_EUSART1_Transmit_ISR                           text42       006A9
_EUSART1_TxDefaultInterruptHandler              nvBANK1      000ED
_EUSART1_Write                                  text16       00654
_EUSART1_flushBuffer                            text40       007B6
_INLVLA                                         (abs)        01F3C
_INLVLB                                         (abs)        01F47
_INLVLC                                         (abs)        01F52
_INTCONbits                                     (abs)        0000B
_INTERRUPT_InterruptManager                     intentry     00004
_LATA                                           (abs)        00018
_LATB                                           (abs)        00019
_LATC                                           (abs)        0001A
_ODCONA                                         (abs)        01F3A
_ODCONB                                         (abs)        01F45
_ODCONC                                         (abs)        01F50
_OSCCON1                                        (abs)        0088D
_OSCCON3                                        (abs)        0088F
_OSCEN                                          (abs)        00891
_OSCFRQ                                         (abs)        00893
_OSCILLATOR_Initialize                          text33       00F7E
_OSCSTAT                                        (abs)        00890
_OSCTUNE                                        (abs)        00892
_PIE3bits                                       (abs)        00719
_PIN_MANAGER_Initialize                         text32       00624
_PIR3bits                                       (abs)        0070F
_PIR4bits                                       (abs)        00710
_PMD0                                           (abs)        00796
_PMD1                                           (abs)        00797
_PMD2                                           (abs)        00798
_PMD3                                           (abs)        00799
_PMD4                                           (abs)        0079A
_PMD5                                           (abs)        0079B
_PMD_Initialize                                 text31       00F76
_PR2                                            (abs)        0028D
_PWM3CON                                        (abs)        00316
_PWM3DCH                                        (abs)        00315
_PWM3DCL                                        (abs)        00314
_PWM3_Initialize                                text30       00F4C
_PWM3_LoadDutyValue                             text24       00FA8
_PWM4CON                                        (abs)        0031A
_PWM4DCH                                        (abs)        00319
_PWM4DCL                                        (abs)        00318
_PWM4_Initialize                                text29       00F52
_PWM4_LoadDutyValue                             text23       00FBE
_PWM5CON                                        (abs)        0031E
_PWM5DCH                                        (abs)        0031D
_PWM5DCL                                        (abs)        0031C
_PWM5_Initialize                                text28       00F58
_PWM5_LoadDutyValue                             text22       00FD4
_PWM6CON                                        (abs)        0038E
_PWM6DCH                                        (abs)        0038D
_PWM6DCL                                        (abs)        0038C
_PWM6_Initialize                                text27       00F5E
_PWM6_LoadDutyValue                             text21       00FEA
_RB7PPS                                         (abs)        01F1F
_RC0PPS                                         (abs)        01F20
_RC1PPS                                         (abs)        01F21
_RC1REG                                         (abs)        00119
_RC1STA                                         (abs)        0011D
_RC1STAbits                                     (abs)        0011D
_RC3PPS                                         (abs)        01F23
_RC4PPS                                         (abs)        01F24
_RX1DTPPS                                       (abs)        01ECB
_SLRCONA                                        (abs)        01F3B
_SLRCONB                                        (abs)        01F46
_SLRCONC                                        (abs)        01F51
_SP1BRGH                                        (abs)        0011C
_SP1BRGL                                        (abs)        0011B
_SYSTEM_Initialize                              text25       0074C
_T2CLKCON                                       (abs)        00290
_T2CON                                          (abs)        0028E
_T2CONbits                                      (abs)        0028E
_T2HLT                                          (abs)        0028F
_T2HLTbits                                      (abs)        0028F
_T2PR                                           (abs)        0028D
_T2RST                                          (abs)        00291
_T2RSTbits                                      (abs)        00291
_T2TMR                                          (abs)        0028C
_TMR2                                           (abs)        0028C
_TMR2_Initialize                                text26       00F88
_TRISA                                          (abs)        00012
_TRISB                                          (abs)        00013
_TRISC                                          (abs)        00014
_TX1REG                                         (abs)        0011A
_TX1STA                                         (abs)        0011E
_TX1STAbits                                     (abs)        0011E
_WPUA                                           (abs)        01F39
_WPUB                                           (abs)        01F44
_WPUC                                           (abs)        01F4F
__Habs1                                         abs1         00000
__Hbank0                                        bank0        00000
__Hbank1                                        bank1        00000
__Hbank10                                       bank10       00000
__Hbank11                                       bank11       00000
__Hbank12                                       bank12       00000
__Hbank13                                       bank13       00000
__Hbank14                                       bank14       00000
__Hbank15                                       bank15       00000
__Hbank16                                       bank16       00000
__Hbank17                                       bank17       00000
__Hbank18                                       bank18       00000
__Hbank19                                       bank19       00000
__Hbank2                                        bank2        00000
__Hbank20                                       bank20       00000
__Hbank21                                       bank21       00000
__Hbank22                                       bank22       00000
__Hbank23                                       bank23       00000
__Hbank24                                       bank24       00000
__Hbank25                                       bank25       00000
__Hbank26                                       bank26       00000
__Hbank27                                       bank27       00000
__Hbank28                                       bank28       00000
__Hbank29                                       bank29       00000
__Hbank3                                        bank3        00000
__Hbank30                                       bank30       00000
__Hbank31                                       bank31       00000
__Hbank32                                       bank32       00000
__Hbank33                                       bank33       00000
__Hbank34                                       bank34       00000
__Hbank35                                       bank35       00000
__Hbank36                                       bank36       00000
__Hbank37                                       bank37       00000
__Hbank38                                       bank38       00000
__Hbank39                                       bank39       00000
__Hbank4                                        bank4        00000
__Hbank40                                       bank40       00000
__Hbank41                                       bank41       00000
__Hbank42                                       bank42       00000
__Hbank43                                       bank43       00000
__Hbank44                                       bank44       00000
__Hbank45                                       bank45       00000
__Hbank46                                       bank46       00000
__Hbank47                                       bank47       00000
__Hbank48                                       bank48       00000
__Hbank49                                       bank49       00000
__Hbank5                                        bank5        00000
__Hbank50                                       bank50       00000
__Hbank51                                       bank51       00000
__Hbank52                                       bank52       00000
__Hbank53                                       bank53       00000
__Hbank54                                       bank54       00000
__Hbank55                                       bank55       00000
__Hbank56                                       bank56       00000
__Hbank57                                       bank57       00000
__Hbank58                                       bank58       00000
__Hbank59                                       bank59       00000
__Hbank6                                        bank6        00000
__Hbank60                                       bank60       00000
__Hbank61                                       bank61       00000
__Hbank62                                       bank62       00000
__Hbank63                                       bank63       00000
__Hbank7                                        bank7        00000
__Hbank8                                        bank8        00000
__Hbank9                                        bank9        00000
__Hbigram                                       bigram       00000
__HbssBANK0                                     bssBANK0     00000
__HbssBANK1                                     bssBANK1     00000
__HbssBANK3                                     bssBANK3     00000
__HbssCOMMON                                    bssCOMMON    00000
__Hcinit                                        cinit        00066
__Hclrtext                                      clrtext      00000
__Hcode                                         code         00000
__Hcommon                                       common       00000
__Hconfig                                       config       0800C
__HcstackBANK0                                  cstackBANK0  00000
__HcstackBANK2                                  cstackBANK2  00000
__HcstackCOMMON                                 cstackCOMMON 00000
__HdataBANK0                                    dataBANK0    00000
__HdataBANK1                                    dataBANK1    00000
__HdataBANK2                                    dataBANK2    00000
__Heeprom_data                                  eeprom_data  00000
__Hend_init                                     end_init     0002D
__Hfunctab                                      functab      00000
__HidataBANK0                                   idataBANK0   00000
__HidataBANK1                                   idataBANK1   00000
__HidataBANK2                                   idataBANK2   00000
__Hinit                                         init         0002B
__Hinittext                                     inittext     00000
__Hintentry                                     intentry     0002B
__Hmaintext                                     maintext     00000
__HnvBANK1                                      nvBANK1      00000
__Hpowerup                                      powerup      00000
__Hram                                          ram          00000
__Hreset_vec                                    reset_vec    00002
__Hsfr0                                         sfr0         00000
__Hsfr1                                         sfr1         00000
__Hsfr10                                        sfr10        00000
__Hsfr11                                        sfr11        00000
__Hsfr12                                        sfr12        00000
__Hsfr13                                        sfr13        00000
__Hsfr14                                        sfr14        00000
__Hsfr15                                        sfr15        00000
__Hsfr16                                        sfr16        00000
__Hsfr17                                        sfr17        00000
__Hsfr18                                        sfr18        00000
__Hsfr19                                        sfr19        00000
__Hsfr2                                         sfr2         00000
__Hsfr20                                        sfr20        00000
__Hsfr21                                        sfr21        00000
__Hsfr22                                        sfr22        00000
__Hsfr23                                        sfr23        00000
__Hsfr24                                        sfr24        00000
__Hsfr25                                        sfr25        00000
__Hsfr26                                        sfr26        00000
__Hsfr27                                        sfr27        00000
__Hsfr28                                        sfr28        00000
__Hsfr29                                        sfr29        00000
__Hsfr3                                         sfr3         00000
__Hsfr30                                        sfr30        00000
__Hsfr31                                        sfr31        00000
__Hsfr32                                        sfr32        00000
__Hsfr33                                        sfr33        00000
__Hsfr34                                        sfr34        00000
__Hsfr35                                        sfr35        00000
__Hsfr36                                        sfr36        00000
__Hsfr37                                        sfr37        00000
__Hsfr38                                        sfr38        00000
__Hsfr39                                        sfr39        00000
__Hsfr4                                         sfr4         00000
__Hsfr40                                        sfr40        00000
__Hsfr41                                        sfr41        00000
__Hsfr42                                        sfr42        00000
__Hsfr43                                        sfr43        00000
__Hsfr44                                        sfr44        00000
__Hsfr45                                        sfr45        00000
__Hsfr46                                        sfr46        00000
__Hsfr47                                        sfr47        00000
__Hsfr48                                        sfr48        00000
__Hsfr49                                        sfr49        00000
__Hsfr5                                         sfr5         00000
__Hsfr50                                        sfr50        00000
__Hsfr51                                        sfr51        00000
__Hsfr52                                        sfr52        00000
__Hsfr53                                        sfr53        00000
__Hsfr54                                        sfr54        00000
__Hsfr55                                        sfr55        00000
__Hsfr56                                        sfr56        00000
__Hsfr57                                        sfr57        00000
__Hsfr58                                        sfr58        00000
__Hsfr59                                        sfr59        00000
__Hsfr6                                         sfr6         00000
__Hsfr60                                        sfr60        00000
__Hsfr61                                        sfr61        00000
__Hsfr62                                        sfr62        00000
__Hsfr63                                        sfr63        00000
__Hsfr7                                         sfr7         00000
__Hsfr8                                         sfr8         00000
__Hsfr9                                         sfr9         00000
__Hspace_0                                      (abs)        0102C
__Hspace_1                                      (abs)        001DE
__Hspace_2                                      (abs)        00000
__Hspace_3                                      (abs)        00000
__Hspace_4                                      (abs)        10013
__Hstack                                        stack        00000
__Hstrings                                      strings      00000
__Hstringtext1                                  stringtext1  00000
__Hstringtext2                                  stringtext2  00000
__Hstringtext3                                  stringtext3  00000
__Hstringtext4                                  stringtext4  00000
__Hstringtext5                                  stringtext5  00000
__Hstringtext6                                  stringtext6  00000
__Htext                                         text         00000
__Labs1                                         abs1         00000
__Lbank0                                        bank0        00000
__Lbank1                                        bank1        00000
__Lbank10                                       bank10       00000
__Lbank11                                       bank11       00000
__Lbank12                                       bank12       00000
__Lbank13                                       bank13       00000
__Lbank14                                       bank14       00000
__Lbank15                                       bank15       00000
__Lbank16                                       bank16       00000
__Lbank17                                       bank17       00000
__Lbank18                                       bank18       00000
__Lbank19                                       bank19       00000
__Lbank2                                        bank2        00000
__Lbank20                                       bank20       00000
__Lbank21                                       bank21       00000
__Lbank22                                       bank22       00000
__Lbank23                                       bank23       00000
__Lbank24                                       bank24       00000
__Lbank25                                       bank25       00000
__Lbank26                                       bank26       00000
__Lbank27                                       bank27       00000
__Lbank28                                       bank28       00000
__Lbank29                                       bank29       00000
__Lbank3                                        bank3        00000
__Lbank30                                       bank30       00000
__Lbank31                                       bank31       00000
__Lbank32                                       bank32       00000
__Lbank33                                       bank33       00000
__Lbank34                                       bank34       00000
__Lbank35                                       bank35       00000
__Lbank36                                       bank36       00000
__Lbank37                                       bank37       00000
__Lbank38                                       bank38       00000
__Lbank39                                       bank39       00000
__Lbank4                                        bank4        00000
__Lbank40                                       bank40       00000
__Lbank41                                       bank41       00000
__Lbank42                                       bank42       00000
__Lbank43                                       bank43       00000
__Lbank44                                       bank44       00000
__Lbank45                                       bank45       00000
__Lbank46                                       bank46       00000
__Lbank47                                       bank47       00000
__Lbank48                                       bank48       00000
__Lbank49                                       bank49       00000
__Lbank5                                        bank5        00000
__Lbank50                                       bank50       00000
__Lbank51                                       bank51       00000
__Lbank52                                       bank52       00000
__Lbank53                                       bank53       00000
__Lbank54                                       bank54       00000
__Lbank55                                       bank55       00000
__Lbank56                                       bank56       00000
__Lbank57                                       bank57       00000
__Lbank58                                       bank58       00000
__Lbank59                                       bank59       00000
__Lbank6                                        bank6        00000
__Lbank60                                       bank60       00000
__Lbank61                                       bank61       00000
__Lbank62                                       bank62       00000
__Lbank63                                       bank63       00000
__Lbank7                                        bank7        00000
__Lbank8                                        bank8        00000
__Lbank9                                        bank9        00000
__Lbigram                                       bigram       00000
__LbssBANK0                                     bssBANK0     00000
__LbssBANK1                                     bssBANK1     00000
__LbssBANK3                                     bssBANK3     00000
__LbssCOMMON                                    bssCOMMON    00000
__Lcinit                                        cinit        0002D
__Lclrtext                                      clrtext      00000
__Lcode                                         code         00000
__Lcommon                                       common       00000
__Lconfig                                       config       00000
__LcstackBANK0                                  cstackBANK0  00000
__LcstackBANK2                                  cstackBANK2  00000
__LcstackCOMMON                                 cstackCOMMON 00000
__LdataBANK0                                    dataBANK0    00000
__LdataBANK1                                    dataBANK1    00000
__LdataBANK2                                    dataBANK2    00000
__Leeprom_data                                  eeprom_data  00000
__Lend_init                                     end_init     0002B
__Lfunctab                                      functab      00000
__LidataBANK0                                   idataBANK0   00000
__LidataBANK1                                   idataBANK1   00000
__LidataBANK2                                   idataBANK2   00000
__Linit                                         init         0002B
__Linittext                                     inittext     00000
__Lintentry                                     intentry     00004
__Lmaintext                                     maintext     00000
__LnvBANK1                                      nvBANK1      00000
__Lpowerup                                      powerup      00000
__Lram                                          ram          00000
__Lreset_vec                                    reset_vec    00000
__Lsfr0                                         sfr0         00000
__Lsfr1                                         sfr1         00000
__Lsfr10                                        sfr10        00000
__Lsfr11                                        sfr11        00000
__Lsfr12                                        sfr12        00000
__Lsfr13                                        sfr13        00000
__Lsfr14                                        sfr14        00000
__Lsfr15                                        sfr15        00000
__Lsfr16                                        sfr16        00000
__Lsfr17                                        sfr17        00000
__Lsfr18                                        sfr18        00000
__Lsfr19                                        sfr19        00000
__Lsfr2                                         sfr2         00000
__Lsfr20                                        sfr20        00000
__Lsfr21                                        sfr21        00000
__Lsfr22                                        sfr22        00000
__Lsfr23                                        sfr23        00000
__Lsfr24                                        sfr24        00000
__Lsfr25                                        sfr25        00000
__Lsfr26                                        sfr26        00000
__Lsfr27                                        sfr27        00000
__Lsfr28                                        sfr28        00000
__Lsfr29                                        sfr29        00000
__Lsfr3                                         sfr3         00000
__Lsfr30                                        sfr30        00000
__Lsfr31                                        sfr31        00000
__Lsfr32                                        sfr32        00000
__Lsfr33                                        sfr33        00000
__Lsfr34                                        sfr34        00000
__Lsfr35                                        sfr35        00000
__Lsfr36                                        sfr36        00000
__Lsfr37                                        sfr37        00000
__Lsfr38                                        sfr38        00000
__Lsfr39                                        sfr39        00000
__Lsfr4                                         sfr4         00000
__Lsfr40                                        sfr40        00000
__Lsfr41                                        sfr41        00000
__Lsfr42                                        sfr42        00000
__Lsfr43                                        sfr43        00000
__Lsfr44                                        sfr44        00000
__Lsfr45                                        sfr45        00000
__Lsfr46                                        sfr46        00000
__Lsfr47                                        sfr47        00000
__Lsfr48                                        sfr48        00000
__Lsfr49                                        sfr49        00000
__Lsfr5                                         sfr5         00000
__Lsfr50                                        sfr50        00000
__Lsfr51                                        sfr51        00000
__Lsfr52                                        sfr52        00000
__Lsfr53                                        sfr53        00000
__Lsfr54                                        sfr54        00000
__Lsfr55                                        sfr55        00000
__Lsfr56                                        sfr56        00000
__Lsfr57                                        sfr57        00000
__Lsfr58                                        sfr58        00000
__Lsfr59                                        sfr59        00000
__Lsfr6                                         sfr6         00000
__Lsfr60                                        sfr60        00000
__Lsfr61                                        sfr61        00000
__Lsfr62                                        sfr62        00000
__Lsfr63                                        sfr63        00000
__Lsfr7                                         sfr7         00000
__Lsfr8                                         sfr8         00000
__Lsfr9                                         sfr9         00000
__Lspace_0                                      (abs)        00000
__Lspace_1                                      (abs)        00000
__Lspace_2                                      (abs)        00000
__Lspace_3                                      (abs)        00000
__Lspace_4                                      (abs)        00000
__Lstack                                        stack        00000
__Lstrings                                      strings      00000
__Lstringtext1                                  stringtext1  00000
__Lstringtext2                                  stringtext2  00000
__Lstringtext3                                  stringtext3  00000
__Lstringtext4                                  stringtext4  00000
__Lstringtext5                                  stringtext5  00000
__Lstringtext6                                  stringtext6  00000
__Ltext                                         text         00000
__S0                                            (abs)        0102C
__S1                                            (abs)        001DE
__S2                                            (abs)        00000
___int_sp                                       stack        00000
___latbits                                      (abs)        00002
___sp                                           stack        00000
___stackhi                                      (abs)        023EF
___stacklo                                      (abs)        0212E
___wmul                                         text20       0070F
___wmul@multiplicand                            cstackCOMMON 00073
___wmul@multiplier                              cstackCOMMON 00071
___wmul@product                                 cstackCOMMON 00075
__end_of_EUSART1_DefaultErrorHandler            text46       00F26
__end_of_EUSART1_DefaultFramingErrorHandler     text45       00800
__end_of_EUSART1_DefaultOverrunErrorHandler     text44       00F2A
__end_of_EUSART1_Initialize                     text34       004DB
__end_of_EUSART1_Read                           text3        006A9
__end_of_EUSART1_Receive_ISR                    text43       00553
__end_of_EUSART1_RxDataHandler                  text47       0079D
__end_of_EUSART1_SetErrorHandler                text39       00F34
__end_of_EUSART1_SetFramingErrorHandler         text38       00F3A
__end_of_EUSART1_SetOverrunErrorHandler         text37       00F40
__end_of_EUSART1_SetRxInterruptHandler          text36       00F46
__end_of_EUSART1_SetTxInterruptHandler          text35       00F4C
__end_of_EUSART1_Transmit_ISR                   text42       006CD
__end_of_EUSART1_Write                          text16       0067F
__end_of_EUSART1_flushBuffer                    text40       007CF
__end_of_INTERRUPT_InterruptManager             intentry     0002B
__end_of_OSCILLATOR_Initialize                  text33       00F88
__end_of_PIN_MANAGER_Initialize                 text32       00654
__end_of_PMD_Initialize                         text31       00F7E
__end_of_PWM3_Initialize                        text30       00F52
__end_of_PWM3_LoadDutyValue                     text24       00FBE
__end_of_PWM4_Initialize                        text29       00F58
__end_of_PWM4_LoadDutyValue                     text23       00FD4
__end_of_PWM5_Initialize                        text28       00F5E
__end_of_PWM5_LoadDutyValue                     text22       00FEA
__end_of_PWM6_Initialize                        text27       00F64
__end_of_PWM6_LoadDutyValue                     text21       01000
__end_of_SYSTEM_Initialize                      text25       00768
__end_of_TMR2_Initialize                        text26       00F96
__end_of___wmul                                 text20       0072E
__end_of__initialization                        cinit        00062
__end_of_atoi                                   text17       003D3
__end_of_executeCommand                         text4        0019D
__end_of_fputc                                  text14       0051A
__end_of_getch                                  text2        00F2E
__end_of_isdigit                                text19       007E7
__end_of_isspace                                text18       0070F
__end_of_main                                   maintext     00447
__end_of_printf                                 text9        00FA8
__end_of_putch                                  text15       00F6A
__end_of_setRGBW_Color                          text1        006EE
__end_of_stoa                                   text12       00274
__end_of_strchr                                 text8        0074C
__end_of_strcspn                                text7        005F3
__end_of_strlen                                 text13       007B6
__end_of_strspn                                 text6        005BE
__end_of_strtok                                 text5        0049A
__end_of_vfpfcnvrt                              text11       00325
__end_of_vfprintf                               text10       00624
__initialization                                cinit        0002D
__pbssBANK0                                     bssBANK0     00067
__pbssBANK1                                     bssBANK1     000A0
__pbssBANK3                                     bssBANK3     001A0
__pbssCOMMON                                    bssCOMMON    0007C
__pcstackBANK0                                  cstackBANK0  00020
__pcstackBANK2                                  cstackBANK2  00156
__pcstackCOMMON                                 cstackCOMMON 00070
__pdataBANK0                                    dataBANK0    0006F
__pdataBANK1                                    dataBANK1    000CA
__pdataBANK2                                    dataBANK2    00120
__pidataBANK0                                   idataBANK0   007FE
__pidataBANK1                                   idataBANK1   00768
__pidataBANK2                                   idataBANK2   00553
__pintentry                                     intentry     00004
__pmaintext                                     maintext     003D3
__pnvBANK1                                      nvBANK1      000E5
__pstringtext1                                  stringtext1  007E7
__pstringtext2                                  stringtext2  01000
__pstringtext3                                  stringtext3  01010
__pstringtext4                                  stringtext4  0101D
__pstringtext5                                  stringtext5  0102A
__pstringtext6                                  stringtext6  00000
__ptext1                                        text1        006CD
__ptext10                                       text10       005F3
__ptext11                                       text11       00274
__ptext12                                       text12       0019D
__ptext13                                       text13       0079D
__ptext14                                       text14       004DB
__ptext15                                       text15       00F64
__ptext16                                       text16       00654
__ptext17                                       text17       00325
__ptext18                                       text18       006EE
__ptext19                                       text19       007CF
__ptext2                                        text2        00F2A
__ptext20                                       text20       0070F
__ptext21                                       text21       00FEA
__ptext22                                       text22       00FD4
__ptext23                                       text23       00FBE
__ptext24                                       text24       00FA8
__ptext25                                       text25       0074C
__ptext26                                       text26       00F88
__ptext27                                       text27       00F5E
__ptext28                                       text28       00F58
__ptext29                                       text29       00F52
__ptext3                                        text3        0067F
__ptext30                                       text30       00F4C
__ptext31                                       text31       00F76
__ptext32                                       text32       00624
__ptext33                                       text33       00F7E
__ptext34                                       text34       0049A
__ptext35                                       text35       00F46
__ptext36                                       text36       00F40
__ptext37                                       text37       00F3A
__ptext38                                       text38       00F34
__ptext39                                       text39       00F2E
__ptext4                                        text4        00066
__ptext40                                       text40       007B6
__ptext42                                       text42       006A9
__ptext43                                       text43       0051A
__ptext44                                       text44       00F26
__ptext45                                       text45       007FF
__ptext46                                       text46       00F22
__ptext47                                       text47       00783
__ptext5                                        text5        00447
__ptext6                                        text6        00589
__ptext7                                        text7        005BE
__ptext8                                        text8        0072E
__ptext9                                        text9        00F96
__size_of_EUSART1_DefaultErrorHandler           (abs)        00000
__size_of_EUSART1_DefaultFramingErrorHandler    (abs)        00000
__size_of_EUSART1_DefaultOverrunErrorHandler    (abs)        00000
__size_of_EUSART1_Initialize                    (abs)        00000
__size_of_EUSART1_Read                          (abs)        00000
__size_of_EUSART1_Receive_ISR                   (abs)        00000
__size_of_EUSART1_RxDataHandler                 (abs)        00000
__size_of_EUSART1_SetErrorHandler               (abs)        00000
__size_of_EUSART1_SetFramingErrorHandler        (abs)        00000
__size_of_EUSART1_SetOverrunErrorHandler        (abs)        00000
__size_of_EUSART1_SetRxInterruptHandler         (abs)        00000
__size_of_EUSART1_SetTxInterruptHandler         (abs)        00000
__size_of_EUSART1_Transmit_ISR                  (abs)        00000
__size_of_EUSART1_Write                         (abs)        00000
__size_of_EUSART1_flushBuffer                   (abs)        00000
__size_of_INTERRUPT_InterruptManager            (abs)        00000
__size_of_OSCILLATOR_Initialize                 (abs)        00000
__size_of_PIN_MANAGER_Initialize                (abs)        00000
__size_of_PMD_Initialize                        (abs)        00000
__size_of_PWM3_Initialize                       (abs)        00000
__size_of_PWM3_LoadDutyValue                    (abs)        00000
__size_of_PWM4_Initialize                       (abs)        00000
__size_of_PWM4_LoadDutyValue                    (abs)        00000
__size_of_PWM5_Initialize                       (abs)        00000
__size_of_PWM5_LoadDutyValue                    (abs)        00000
__size_of_PWM6_Initialize                       (abs)        00000
__size_of_PWM6_LoadDutyValue                    (abs)        00000
__size_of_SYSTEM_Initialize                     (abs)        00000
__size_of_TMR2_Initialize                       (abs)        00000
__size_of___wmul                                (abs)        00000
__size_of_atoi                                  (abs)        00000
__size_of_executeCommand                        (abs)        00000
__size_of_fputc                                 (abs)        00000
__size_of_getch                                 (abs)        00000
__size_of_isdigit                               (abs)        00000
__size_of_isspace                               (abs)        00000
__size_of_main                                  (abs)        00000
__size_of_printf                                (abs)        00000
__size_of_putch                                 (abs)        00000
__size_of_setRGBW_Color                         (abs)        00000
__size_of_stoa                                  (abs)        00000
__size_of_strchr                                (abs)        00000
__size_of_strcspn                               (abs)        00000
__size_of_strlen                                (abs)        00000
__size_of_strspn                                (abs)        00000
__size_of_strtok                                (abs)        00000
__size_of_vfpfcnvrt                             (abs)        00000
__size_of_vfprintf                              (abs)        00000
_atoi                                           text17       00325
_atoi$1079                                      cstackBANK0  00026
_atoi$1080                                      cstackBANK0  0002A
_atoi$1081                                      cstackBANK0  00028
_blue                                           dataBANK2    00132
_c                                              bssBANK0     00069
_command                                        bssBANK3     001C0
_eusart1RxBuffer                                bssBANK1     000B0
_eusart1RxCount                                 bssBANK0     0006B
_eusart1RxHead                                  bssCOMMON    0007C
_eusart1RxLastError                             bssBANK0     0006A
_eusart1RxStatusBuffer                          bssBANK1     000A8
_eusart1RxTail                                  bssBANK0     0006C
_eusart1TxBuffer                                bssBANK1     000B8
_eusart1TxBufferRemaining                       nvBANK1      000EF
_eusart1TxHead                                  bssBANK0     0006E
_eusart1TxTail                                  bssBANK0     0006D
_executeCommand                                 text4        00066
_flags                                          bssBANK1     000C6
_fputc                                          text14       004DB
_getch                                          text2        00F2A
_green                                          dataBANK2    00144
_isdigit                                        text19       007CF
_isspace                                        text18       006EE
_isspace$1097                                   cstackCOMMON 00075
_main                                           maintext     003D3
_nout                                           bssBANK1     000C0
_prec                                           bssBANK1     000C4
_printf                                         text9        00F96
_putch                                          text15       00F64
_red                                            dataBANK1    000CA
_setRGBW_Color                                  text1        006CD
_stoa                                           text12       0019D
_strchr                                         text8        0072E
_strcspn                                        text7        005BE
_strlen                                         text13       0079D
_strspn                                         text6        00589
_strtok                                         text5        00447
_vfpfcnvrt                                      text11       00274
_vfprintf                                       text10       005F3
_white                                          dataBANK2    00120
_width                                          bssBANK1     000C2
atoi@n                                          cstackBANK0  0002B
atoi@neg                                        cstackBANK0  00024
atoi@s                                          cstackBANK0  0002D
btemp                                           (abs)        0007E
clear_ram0                                      clrtext      00F6A
end_of_initialization                           cinit        00062
executeCommand@a                                cstackBANK0  0005E
executeCommand@cmd                              cstackBANK0  00064
executeCommand@count                            cstackBANK0  0005A
executeCommand@i                                cstackBANK0  00060
executeCommand@pt                               cstackBANK0  0005D
executeCommand@pwm_nums                         cstackBANK0  00052
executeCommand@pwm_val                          cstackBANK0  00062
executeCommand@s                                cstackBANK0  0005C
fputc@c                                         cstackCOMMON 00074
fputc@fp                                        cstackCOMMON 00076
init_ram                                        inittext     00F70
int$flags                                       (abs)        0007E
intlevel0                                       functab      00000
intlevel1                                       functab      00000
intlevel2                                       functab      00000
intlevel3                                       functab      00000
intlevel4                                       functab      00000
intlevel5                                       functab      00000
isdigit@c                                       cstackCOMMON 00071
isspace@c                                       cstackCOMMON 00071
main@index                                      cstackBANK2  00156
printf@ap                                       cstackBANK0  00050
printf@fmt                                      cstackBANK0  00049
putch@txData                                    cstackCOMMON 00073
[...]
 Defined at:
		line 287 in file "mcc_generated_files/eusart1.c"
 Parameters:    Size  Location     Type
  interruptHan    2    1[COMMON] PTR FTN()void 
		 -> EUSART1_DefaultOverrunErrorHandler(1), 
 Auto vars:     Size  Location     Type
		None
 Return value:  Size  Location     Type
                  1    wreg      void 
 Registers used:
		wreg
 Tracked objects:
		On entry : 
		On exit  : 
		Unchanged: 
 Data sizes:     COMMON   BANK0   BANK1   BANK2   BANK3   BANK4   BANK5   BANK6   BANK7   BANK8   BANK9  BANK10  BANK11  BANK12
      Params:         2       0       0       0       0       0       0       0       0       0       0       0       0       0
      Locals:         0       0       0       0       0       0       0       0       0       0       0       0       0       0
      Temps:          0       0       0       0       0       0       0       0       0       0       0       0       0       0
      Totals:         2       0       0       0       0       0       0       0       0       0       0       0       0       0
Total ram usage:        2 bytes
 Hardware stack levels used:    1
 Hardware stack levels required when called:    4
 This function calls:
		Nothing
 This function is called by:
		_EUSART1_Initialize
 This function uses a non-reentrant model


 *************** function _EUSART1_SetFramingErrorHandler *****************
 Defined at:
		line 283 in file "mcc_generated_files/eusart1.c"
 Parameters:    Size  Location     Type
  interruptHan    2    1[COMMON] PTR FTN()void 
		 -> EUSART1_DefaultFramingErrorHandler(1), 
 Auto vars:     Size  Location     Type
		None
 Return value:  Size  Location     Type
                  1    wreg      void 
 Registers used:
		wreg
 Tracked objects:
		On entry : 
		On exit  : 
		Unchanged: 
 Data sizes:     COMMON   BANK0   BANK1   BANK2   BANK3   BANK4   BANK5   BANK6   BANK7   BANK8   BANK9  BANK10  BANK11  BANK12
      Params:         2       0       0       0       0       0       0       0       0       0       0       0       0       0
      Locals:         0       0       0       0       0       0       0       0       0       0       0       0       0       0
      Temps:          0       0       0       0       0       0       0       0       0       0       0       0       0       0
      Totals:         2       0       0       0       0       0       0       0       0       0       0       0       0       0
Total ram usage:        2 bytes
 Hardware stack levels used:    1
 Hardware stack levels required when called:    4
 This function calls:
		Nothing
 This function is called by:
		_EUSART1_Initialize
 This function uses a non-reentrant model


 *************** function _EUSART1_SetErrorHandler *****************
 Defined at:
		line 291 in file "mcc_generated_files/eusart1.c"
 Parameters:    Size  Location     Type
  interruptHan    2    1[COMMON] PTR FTN()void 
		 -> EUSART1_DefaultErrorHandler(1), 
 Auto vars:     Size  Location     Type
		None
 Return value:  Size  Location     Type
                  1    wreg      void 
 Registers used:
		wreg
 Tracked objects:
		On entry : 
		On exit  : 
		Unchanged: 
 Data sizes:     COMMON   BANK0   BANK1   BANK2   BANK3   BANK4   BANK5   BANK6   BANK7   BANK8   BANK9  BANK10  BANK11  BANK12
      Params:         2       0       0       0       0       0       0       0       0       0       0       0       0       0
      Locals:         0       0       0       0       0       0       0       0       0       0       0       0       0       0
      Temps:          0       0       0       0       0       0       0       0       0       0       0       0       0       0
      Totals:         2       0       0       0       0       0       0       0       0       0       0       0       0       0
Total ram usage:        2 bytes
 Hardware stack levels used:    1
 Hardware stack levels required when called:    4
 This function calls:
		Nothing
 This function is called by:
		_EUSART1_Initialize
 This function uses a non-reentrant model


 *************** function _EUSART1_flushBuffer *****************
 Defined at:
		line 132 in file "mcc_generated_files/eusart1.c"
 Parameters:    Size  Location     Type
		None
 Auto vars:     Size  Location     Type
  i               2    2[COMMON] short 
 Return value:  Size  Location     Type
                  1    wreg      void 
 Registers used:
		wreg, fsr1l, fsr1h, status,2, status,0
 Tracked objects:
		On entry : 
		On exit  : 
		Unchanged: 
 Data sizes:     COMMON   BANK0   BANK1   BANK2   BANK3   BANK4   BANK5   BANK6   BANK7   BANK8   BANK9  BANK10  BANK11  BANK12
      Params:         0       0       0       0       0       0       0       0       0       0       0       0       0       0
      Locals:         2       0       0       0       0       0       0       0       0       0       0       0       0       0
      Temps:          1       0       0       0       0       0       0       0       0       0       0       0       0       0
      Totals:         3       0       0       0       0       0       0       0       0       0       0       0       0       0
Total ram usage:        3 bytes
 Hardware stack levels used:    1
 Hardware stack levels required when called:    4
 This function calls:
		Nothing
 This function is called by:
		_main
 This function uses a non-reentrant model


 *************** function _INTERRUPT_InterruptManager *****************
 Defined at:
		line 52 in file "mcc_generated_files/interrupt_manager.c"
 Parameters:    Size  Location     Type
		None
 Auto vars:     Size  Location     Type
		None
 Return value:  Size  Location     Type
                  1    wreg      void 
 Registers used:
		wreg, fsr1l, fsr1h, status,2, status,0, pclath, cstack
 Tracked objects:
		On entry : 
		On exit  : 
		Unchanged: 
 Data sizes:     COMMON   BANK0   BANK1   BANK2   BANK3   BANK4   BANK5   BANK6   BANK7   BANK8   BANK9  BANK10  BANK11  BANK12
      Params:         0       0       0       0       0       0       0       0       0       0       0       0       0       0
      Locals:         0       0       0       0       0       0       0       0       0       0       0       0       0       0
      Temps:          0       0       0       0       0       0       0       0       0       0       0       0       0       0
      Totals:         0       0       0       0       0       0       0       0       0       0       0       0       0       0
Total ram usage:        0 bytes
 Hardware stack levels used:    1
 Hardware stack levels required when called:    3
 This function calls:
		Absolute function
		_EUSART1_Receive_ISR
		_EUSART1_Transmit_ISR
 This function is called by:
		Interrupt level 1
 This function uses a non-reentrant model


 *************** function _EUSART1_Transmit_ISR *****************
 Defined at:
		line 216 in file "mcc_generated_files/eusart1.c"
 Parameters:    Size  Location     Type
		None
 Auto vars:     Size  Location     Type
		None
 Return value:  Size  Location     Type
                  1    wreg      void 
 Registers used:
		wreg, fsr1l, fsr1h, status,2, status,0
 Tracked objects:
		On entry : 
		On exit  : 
		Unchanged: 
 Data sizes:     COMMON   BANK0   BANK1   BANK2   BANK3   BANK4   BANK5   BANK6   BANK7   BANK8   BANK9  BANK10  BANK11  BANK12
      Params:         0       0       0       0       0       0       0       0       0       0       0       0       0       0
      Locals:         0       0       0       0       0       0       0       0       0       0       0       0       0       0
      Temps:          1       0       0       0       0       0       0       0       0       0       0       0       0       0
      Totals:         1       0       0       0       0       0       0       0       0       0       0       0       0       0
Total ram usage:        1 bytes
 Hardware stack levels used:    1
 This function calls:
		Nothing
 This function is called by:
		_EUSART1_Initialize
		_INTERRUPT_InterruptManager
 This function uses a non-reentrant model


 *************** function _EUSART1_Receive_ISR *****************
 Defined at:
		line 235 in file "mcc_generated_files/eusart1.c"
 Parameters:    Size  Location     Type
		None
 Auto vars:     Size  Location     Type
		None
 Return value:  Size  Location     Type
                  1    wreg      void 
 Registers used:
		wreg, fsr1l, fsr1h, status,2, status,0, pclath, cstack
 Tracked objects:
		On entry : 
		On exit  : 
		Unchanged: 
 Data sizes:     COMMON   BANK0   BANK1   BANK2   BANK3   BANK4   BANK5   BANK6   BANK7   BANK8   BANK9  BANK10  BANK11  BANK12
      Params:         0       0       0       0       0       0       0       0       0       0       0       0       0       0
      Locals:         0       0       0       0       0       0       0       0       0       0       0       0       0       0
      Temps:          0       0       0       0       0       0       0       0       0       0       0       0       0       0
      Totals:         0       0       0       0       0       0       0       0       0       0       0       0       0       0
Total ram usage:        0 bytes
 Hardware stack levels used:    1
 Hardware stack levels required when called:    2
 This function calls:
		Absolute function
		_EUSART1_DefaultErrorHandler
		_EUSART1_DefaultFramingErrorHandler
		_EUSART1_DefaultOverrunErrorHandler
		_EUSART1_RxDataHandler
 This function is called by:
		_EUSART1_Initialize
		_INTERRUPT_InterruptManager
 This function uses a non-reentrant model


 *************** function _EUSART1_DefaultOverrunErrorHandler *****************
 Defined at:
		line 271 in file "mcc_generated_files/eusart1.c"
 Parameters:    Size  Location     Type
		None
 Auto vars:     Size  Location     Type
		None
 Return value:  Size  Location     Type
                  1    wreg      void 
 Registers used:
		None
 Tracked objects:
		On entry : 
		On exit  : 
		Unchanged: 
 Data sizes:     COMMON   BANK0   BANK1   BANK2   BANK3   BANK4   BANK5   BANK6   BANK7   BANK8   BANK9  BANK10  BANK11  BANK12
      Params:         0       0       0       0       0       0       0       0       0       0       0       0       0       0
      Locals:         0       0       0       0       0       0       0       0       0       0       0       0       0       0
      Temps:          0       0       0       0       0       0       0       0       0       0       0       0       0       0
      Totals:         0       0       0       0       0       0       0       0       0       0       0       0       0       0
Total ram usage:        0 bytes
 Hardware stack levels used:    1
 This function calls:
		Nothing
 This function is called by:
		_EUSART1_Initialize
		_EUSART1_Receive_ISR
 This function uses a non-reentrant model


 *************** function _EUSART1_DefaultFramingErrorHandler *****************
 Defined at:
		line 269 in file "mcc_generated_files/eusart1.c"
 Parameters:    Size  Location     Type
		None
 Auto vars:     Size  Location     Type
		None
 Return value:  Size  Location     Type
                  1    wreg      void 
 Registers used:
		None
 Tracked objects:
		On entry : 
		On exit  : 
		Unchanged: 
 Data sizes:     COMMON   BANK0   BANK1   BANK2   BANK3   BANK4   BANK5   BANK6   BANK7   BANK8   BANK9  BANK10  BANK11  BANK12
      Params:         0       0       0       0       0       0       0       0       0       0       0       0       0       0
      Locals:         0       0       0       0       0       0       0       0       0       0       0       0       0       0
      Temps:          0       0       0       0       0       0       0       0       0       0       0       0       0       0
      Totals:         0       0       0       0       0       0       0       0       0       0       0       0       0       0
Total ram usage:        0 bytes
 Hardware stack levels used:    1
 This function calls:
		Nothing
 This function is called by:
		_EUSART1_Initialize
		_EUSART1_Receive_ISR
 This function uses a non-reentrant model


 *************** function _EUSART1_DefaultErrorHandler *****************
 Defined at:
		line 279 in file "mcc_generated_files/eusart1.c"
 Parameters:    Size  Location     Type
		None
 Auto vars:     Size  Location     Type
		None
 Return value:  Size  Location     Type
                  1    wreg      void 
 Registers used:
		wreg, fsr1l, fsr1h, status,2, status,0, pclath, cstack
 Tracked objects:
		On entry : 
		On exit  : 
		Unchanged: 
 Data sizes:     COMMON   BANK0   BANK1   BANK2   BANK3   BANK4   BANK5   BANK6   BANK7   BANK8   BANK9  BANK10  BANK11  BANK12
      Params:         0       0       0       0       0       0       0       0       0       0       0       0       0       0
      Locals:         0       0       0       0       0       0       0       0       0       0       0       0       0       0
      Temps:          0       0       0       0       0       0       0       0       0       0       0       0       0       0
      Totals:         0       0       0       0       0       0       0       0       0       0       0       0       0       0
Total ram usage:        0 bytes
 Hardware stack levels used:    1
 Hardware stack levels required when called:    1
 This function calls:
		_EUSART1_RxDataHandler
 This function is called by:
		_EUSART1_Initialize
		_EUSART1_Receive_ISR
 This function uses a non-reentrant model


 *************** function _EUSART1_RxDataHandler *****************
 Defined at:
		line 259 in file "mcc_generated_files/eusart1.c"
 Parameters:    Size  Location     Type
		None
 Auto vars:     Size  Location     Type
		None
 Return value:  Size  Location     Type
                  1    wreg      void 
 Registers used:
		wreg, fsr1l, fsr1h, status,2, status,0
 Tracked objects:
		On entry : 
		On exit  : 
		Unchanged: 
 Data sizes:     COMMON   BANK0   BANK1   BANK2   BANK3   BANK4   BANK5   BANK6   BANK7   BANK8   BANK9  BANK10  BANK11  BANK12
      Params:         0       0       0       0       0       0       0       0       0       0       0       0       0       0
      Locals:         0       0       0       0       0       0       0       0       0       0       0       0       0       0
      Temps:          1       0       0       0       0       0       0       0       0       0       0       0       0       0
      Totals:         1       0       0       0       0       0       0       0       0       0       0       0       0       0
Total ram usage:        1 bytes
 Hardware stack levels used:    1
 This function calls:
		Nothing
 This function is called by:
		_EUSART1_Receive_ISR
		_EUSART1_DefaultErrorHandler
 This function uses a non-reentrant model



MODULE INFORMATION

Module		Function		Class		Link	Load	Size
mcc_generated_files/pwm6.c
		_PWM6_LoadDutyValue		CODE           	0FEA	0000	22
		_PWM6_Initialize		CODE           	0F5E	0000	6

mcc_generated_files/pwm6.c estimated size: 28

C:\Program Files\Microchip\xc8\v2.30\pic\sources\c99\common\doprnt.c
		_vfpfcnvrt     		CODE           	0274	0000	177
		_vfprintf      		CODE           	05F3	0000	49
		_stoa          		CODE           	019D	0000	215

C:\Program Files\Microchip\xc8\v2.30\pic\sources\c99\common\doprnt.c estimated size: 441

C:\Program Files\Microchip\xc8\v2.30\pic\sources\c99\common\atoi.c
		_atoi          		CODE           	0325	0000	174

C:\Program Files\Microchip\xc8\v2.30\pic\sources\c99\common\atoi.c estimated size: 174

C:\Program Files\Microchip\xc8\v2.30\pic\sources\c99\common\isdigit.c
		_isdigit       		CODE           	07CF	0000	24

C:\Program Files\Microchip\xc8\v2.30\pic\sources\c99\common\isdigit.c estimated size: 24

mcc_generated_files/pwm4.c
		_PWM4_Initialize		CODE           	0F52	0000	6
		_PWM4_LoadDutyValue		CODE           	0FBE	0000	22

mcc_generated_files/pwm4.c estimated size: 28

mcc_generated_files/tmr2.c
		_TMR2_Initialize		CODE           	0F88	0000	14

mcc_generated_files/tmr2.c estimated size: 14

mcc_generated_files/interrupt_manager.c
		_INTERRUPT_InterruptManager		CODE           	0004	0000	39

mcc_generated_files/interrupt_manager.c estimated size: 39

C:\Program Files\Microchip\xc8\v2.30\pic\sources\c99\common\Umul16.c
		___wmul        		CODE           	070F	0000	31

C:\Program Files\Microchip\xc8\v2.30\pic\sources\c99\common\Umul16.c estimated size: 31

C:\Program Files\Microchip\xc8\v2.30\pic\sources\c99\common\strcspn.c
		_strcspn       		CODE           	05BE	0000	53

C:\Program Files\Microchip\xc8\v2.30\pic\sources\c99\common\strcspn.c estimated size: 53

mcc_generated_files/pin_manager.c
		_PIN_MANAGER_Initialize		CODE           	0624	0000	48

mcc_generated_files/pin_manager.c estimated size: 48

C:\Program Files\Microchip\xc8\v2.30\pic\sources\c99\common\strtok.c
		_strtok        		CODE           	0447	0000	83

C:\Program Files\Microchip\xc8\v2.30\pic\sources\c99\common\strtok.c estimated size: 83

C:\Program Files\Microchip\xc8\v2.30\pic\sources\c99\common\printf.c
		_printf        		CODE           	0F96	0000	18

C:\Program Files\Microchip\xc8\v2.30\pic\sources\c99\common\printf.c estimated size: 18

shared
		__initialization		CODE           	002D	0000	53

shared estimated size: 53

mcc_generated_files/eusart1.c
		_EUSART1_SetRxInterruptHandler		CODE           	0F40	0000	6
		_EUSART1_SetTxInterruptHandler		CODE           	0F46	0000	6
		_EUSART1_Initialize		CODE           	049A	0000	65
		_putch         		CODE           	0F64	0000	6
		_EUSART1_DefaultErrorHandler		CODE           	0F22	0000	4
		_EUSART1_SetFramingErrorHandler		CODE           	0F34	0000	6
		_EUSART1_Read  		CODE           	067F	0000	42
		_EUSART1_SetOverrunErrorHandler		CODE           	0F3A	0000	6
		_EUSART1_SetErrorHandler		CODE           	0F2E	0000	6
		_EUSART1_Write 		CODE           	0654	0000	43
		_EUSART1_Receive_ISR		CODE           	051A	0000	57
		_getch         		CODE           	0F2A	0000	4
		_EUSART1_RxDataHandler		CODE           	0783	0000	26
		_EUSART1_DefaultOverrunErrorHandler		CODE           	0F26	0000	4
		_EUSART1_flushBuffer		CODE           	07B6	0000	25
		_EUSART1_Transmit_ISR		CODE           	06A9	0000	36
		_EUSART1_DefaultFramingErrorHandler		CODE           	07FF	0000	1

mcc_generated_files/eusart1.c estimated size: 343

C:\Program Files\Microchip\xc8\v2.30\pic\sources\c99\common\nf_fputc.c
		_fputc         		CODE           	04DB	0000	63

C:\Program Files\Microchip\xc8\v2.30\pic\sources\c99\common\nf_fputc.c estimated size: 63

mcc_generated_files/pwm5.c
		_PWM5_LoadDutyValue		CODE           	0FD4	0000	22
		_PWM5_Initialize		CODE           	0F58	0000	6

mcc_generated_files/pwm5.c estimated size: 28

mcc_generated_files/mcc.c
		_PMD_Initialize		CODE           	0F76	0000	8
		_OSCILLATOR_Initialize		CODE           	0F7E	0000	10
		_SYSTEM_Initialize		CODE           	074C	0000	28

mcc_generated_files/mcc.c estimated size: 46

C:\Program Files\Microchip\xc8\v2.30\pic\sources\c99\common\strlen.c
		_strlen        		CODE           	079D	0000	25

C:\Program Files\Microchip\xc8\v2.30\pic\sources\c99\common\strlen.c estimated size: 25

mcc_generated_files/pwm3.c
		_PWM3_Initialize		CODE           	0F4C	0000	6
		_PWM3_LoadDutyValue		CODE           	0FA8	0000	22

mcc_generated_files/pwm3.c estimated size: 28

C:\Program Files\Microchip\xc8\v2.30\pic\sources\c99\common\strchr.c
		_strchr        		CODE           	072E	0000	30

C:\Program Files\Microchip\xc8\v2.30\pic\sources\c99\common\strchr.c estimated size: 30

C:\Program Files\Microchip\xc8\v2.30\pic\sources\c99\common\isspace.c
		_isspace       		CODE           	06EE	0000	33

C:\Program Files\Microchip\xc8\v2.30\pic\sources\c99\common\isspace.c estimated size: 33

main.c
		_main          		CODE           	03D3	0000	116
		_executeCommand		CODE           	0066	0000	311
		_setRGBW_Color 		CODE           	06CD	0000	33

main.c estimated size: 460

C:\Program Files\Microchip\xc8\v2.30\pic\sources\c99\common\strspn.c
		_strspn        		CODE           	0589	0000	53

C:\Program Files\Microchip\xc8\v2.30\pic\sources\c99\common\strspn.c estimated size: 53

